// Jest Snapshot v1, https://goo.gl/fbAQLP

exports[`ClayMultiselect should render 1`] = `
<DocumentFragment>
  <div
    class="css-10nd86i multiselect-root"
  >
    <div
      class="css-vj8t7z react-select__control"
    >
      <div
        class="css-1hwfws3 react-select__value-container react-select__value-container--is-multi"
      >
        <div
          class="css-1492t68 react-select__placeholder"
        />
        <div
          class="css-1g6gooi"
        >
          <div
            class="react-select__input"
            style="display: inline-block;"
          >
            <input
              aria-autocomplete="list"
              autocapitalize="none"
              autocomplete="off"
              autocorrect="off"
              id="react-select-2-input"
              spellcheck="false"
              style="box-sizing: content-box; width: 2px; border: 0px; font-size: inherit; opacity: 1; outline: 0; padding: 0px;"
              tabindex="0"
              type="text"
              value=""
            />
            <div
              style="position: absolute; top: 0px; left: 0px; visibility: hidden; height: 0px; overflow: scroll; white-space: pre; font-size: inherit; font-family: -webkit-small-control; letter-spacing: normal; text-transform: none;"
            />
          </div>
        </div>
      </div>
      <div
        class="css-1wy0on6 react-select__indicators"
      />
    </div>
  </div>
</DocumentFragment>
`;
